\BOOKMARK [1][-]{section.1}{test}{}% 1
\BOOKMARK [1][-]{section.2}{test2}{}% 2
